https://services.nvd.nist.gov/rest/json/cves/2.0?cpeName=cpe:2.3:a:laravel:framework:8.83.27:*:*:*:*:*:*:*

user@PYTHON-L14:~/Desktop/cybersec$ python 1.4.Script.py a apache tomcat 9.0.1a examplecorp exampleproduct 1.0
Usage: python script_name.py <part> <vendor> <product> <version>
user@PYTHON-L14:~/Desktop/cybersec$ python 1.4.Script.py a apache tomcat 9.0.1a examplecorp exampleproduct 1.0
Usage: python script_name.py <part> <vendor> <product> <version>
user@PYTHON-L14:~/Desktop/cybersec$ python 1.4.Script.py a examplecorp exampleproduct 1.0
Vendor: examplecorp product: exampleproduct version: 1.0:
user@PYTHON-L14:~/Desktop/cybersec$ python 1.4.Script.py a examplecorp exampleproduct 1.0
Vendor: examplecorp product: exampleproduct version: 1.0:
user@PYTHON-L14:~/Desktop/cybersec$ python 1.4.Script.py a filp whoops 2.15.4
Vendor: filp product: whoops version: 2.15.4:
user@PYTHON-L14:~/Desktop/cybersec$ python 1.4.Script.py a laravel/framework 8.83.27
Usage: python script_name.py <part> <vendor> <product> <version>
user@PYTHON-L14:~/Desktop/cybersec$ python 1.4.Script.py a laravelframework 8.83.27
Usage: python script_name.py <part> <vendor> <product> <version>
user@PYTHON-L14:~/Desktop/cybersec$ python 1.4.Script.py a laravel:framework 8.83.27
Usage: python script_name.py <part> <vendor> <product> <version>
user@PYTHON-L14:~/Desktop/cybersec$ python 1.4.Script.py a laravel8.83.27
Usage: python script_name.py <part> <vendor> <product> <version>
user@PYTHON-L14:~/Desktop/cybersec$ python 1.4.Script.py a laravel framework 8.83.27
Vendor: laravel product: framework version: 8.83.27:
Traceback (most recent call last):
  File "/home/user/Desktop/cybersec/1.4.Script.py", line 49, in <module>
    get_vulnerabilities(part, vendor, product, version)
  File "/home/user/Desktop/cybersec/1.4.Script.py", line 26, in get_vulnerabilities
    "Severity": cve_info['metrics']['cvssMetricV2'][0]['baseSeverity']
                ~~~~~~~~~~~~~~~~~~~^^^^^^^^^^^^^^^^
KeyError: 'cvssMetricV2'









asm89/stack-cors                   v2.2.0              Cross-origin resource sharing library and stack middleware
brick/math                         0.11.0              Arbitrary-precision arithmetic library
carbonphp/carbon-doctrine-types    3.2.0               Types to use Carbon in Doctrine
dflydev/dot-access-data            v3.0.2              Given a deep data structure, access data by dot notation.
doctrine/inflector                 2.0.10              PHP Doctrine Inflector is a small library that can perform string manipulations with regard to upper/lowe...
doctrine/instantiator              2.0.0               A small, lightweight utility to instantiate objects in PHP without invoking their constructors
doctrine/lexer                     1.2.3               PHP Doctrine Lexer parser library that can be used in Top-Down, Recursive Descent Parsers.
dragonmantank/cron-expression      v3.3.3              CRON for PHP: Calculate the next or previous run date and determine if a CRON expression is due
egulias/email-validator            2.1.25              A library for validating emails against several RFCs
facade/flare-client-php            1.10.0              Send PHP errors to Flare
facade/ignition                    2.17.7              A beautiful error page for Laravel applications.
facade/ignition-contracts          1.0.2               Solution contracts for Ignition
fakerphp/faker                     v1.23.1             Faker is a PHP library that generates fake data for you.
filp/whoops                        2.15.4              php error handling for cool kids
fruitcake/laravel-cors             v2.2.0              Adds CORS (Cross-Origin Resource Sharing) headers support in your Laravel application
graham-campbell/result-type        v1.1.2              An Implementation Of The Result Type
guzzlehttp/guzzle                  7.8.1               Guzzle is a PHP HTTP client library
guzzlehttp/promises                2.0.2               Guzzle promises library
guzzlehttp/psr7                    2.6.2               PSR-7 message implementation that also provides common utility methods
hamcrest/hamcrest-php              v2.0.1              This is the PHP port of Hamcrest Matchers
laravel/framework                  v8.83.27            The Laravel Framework.
laravel/sail                       v1.25.0             Docker files for running a basic Laravel application.
laravel/serializable-closure       v1.3.3              Laravel Serializable Closure provides an easy and secure way to serialize closures in PHP.
laravel/tinker                     v2.9.0              Powerful REPL for the Laravel framework.
lcobucci/clock                     3.2.0               Yet another clock abstraction
lcobucci/jwt                       4.3.0               A simple library to work with JSON Web Token and JSON Web Signature
league/commonmark                  2.4.2               Highly-extensible PHP Markdown parser which fully supports the CommonMark spec and GitHub-Flavored Markdo...
league/config                      v1.2.0              Define configuration arrays with strict schemas and access values with dot notation
league/flysystem                   1.1.10              Filesystem abstraction: Many filesystems, one API.
league/mime-type-detection         1.15.0              Mime-type detection for Flysystem
mockery/mockery                    1.6.9               Mockery is a simple yet flexible PHP mock object framework
monolog/monolog                    2.9.2               Sends your logs to files, sockets, inboxes, databases and various web services
myclabs/deep-copy                  1.11.1              Create deep copies (clones) of your objects
namshi/jose                        7.2.3               JSON Object Signing and Encryption library for PHP.
nesbot/carbon                      2.72.3              An API extension for DateTime that supports 281 different languages.
nette/schema                       v1.3.0              📐 Nette Schema: validating data structures against a given Schema.
nette/utils                        v4.0.4              🛠  Nette Utils: lightweight utilities for string & array manipulation, image handling, safe JSON encod...
nikic/php-parser                   v5.0.2              A PHP parser written in PHP
nunomaduro/collision               v5.11.0             Cli error handling for console/command-line PHP applications.
opis/closure                       3.6.3               A library that can be used to serialize closures (anonymous functions) and arbitrary objects.
phar-io/manifest                   2.0.4               Component for reading phar.io manifest information from a PHP Archive (PHAR)
phar-io/version                    3.2.1               Library for handling version information and constraints
phpoption/phpoption                1.9.2               Option Type for PHP
phpunit/php-code-coverage          9.2.31              Library that provides collection, processing, and rendering functionality for PHP code coverage information.
phpunit/php-file-iterator          3.0.6               FilterIterator implementation that filters files based on a list of suffixes.
phpunit/php-invoker                3.1.1               Invoke callables with a timeout
phpunit/php-text-template          2.0.4               Simple template engine.
phpunit/php-timer                  5.0.3               Utility class for timing
phpunit/phpunit                    9.6.17              The PHP Unit Testing framework.
psr/clock                          1.0.0               Common interface for reading the clock.
psr/container                      1.1.2               Common Container Interface (PHP FIG PSR-11)
psr/event-dispatcher               1.0.0               Standard interfaces for event handling.
psr/http-client                    1.0.3               Common interface for HTTP clients
psr/http-factory                   1.0.2               Common interfaces for PSR-7 HTTP message factories
psr/http-message                   2.0                 Common interface for HTTP messages
psr/log                            2.0.0               Common interface for logging libraries
psr/simple-cache                   1.0.1               Common interfaces for simple caching
psy/psysh                          v0.12.2             An interactive shell for modern PHP.
ralouphie/getallheaders            3.0.3               A polyfill for getallheaders.
ramsey/collection                  2.0.0               A PHP library for representing and manipulating collections.
ramsey/uuid                        4.7.5               A PHP library for generating and working with universally unique identifiers (UUIDs).
sebastian/cli-parser               1.0.2               Library for parsing CLI options
sebastian/code-unit                1.0.8               Collection of value objects that represent the PHP code units
sebastian/code-unit-reverse-lookup 2.0.3               Looks up which function or method a line of code belongs to
sebastian/comparator               4.0.8               Provides the functionality to compare PHP values for equality
sebastian/complexity               2.0.3               Library for calculating the complexity of PHP code units
sebastian/diff                     4.0.6               Diff implementation
sebastian/environment              5.1.5               Provides functionality to handle HHVM/PHP environments
sebastian/exporter                 4.0.6               Provides the functionality to export PHP variables for visualization
sebastian/global-state             5.0.7               Snapshotting of global state
sebastian/lines-of-code            1.0.4               Library for counting the lines of code in PHP source code
sebastian/object-enumerator        4.0.4               Traverses array structures and object graphs to enumerate all referenced objects
sebastian/object-reflector         2.0.4               Allows reflection of object attributes, including inherited and non-public ones
sebastian/recursion-context        4.0.5               Provides functionality to recursively process PHP variables
sebastian/resource-operations      3.0.4               Provides a list of PHP built-in functions that operate on resources
sebastian/type                     3.2.1               Collection of value objects that represent the types of the PHP type system
sebastian/version                  3.0.2               Library that helps with managing the version number of Git-hosted PHP projects
swiftmailer/swiftmailer            v6.3.0              Swiftmailer, free feature-rich PHP mailer
symfony/console                    v5.4.36             Eases the creation of beautiful and testable command line interfaces
symfony/css-selector               v7.0.3              Converts CSS selectors to XPath expressions
symfony/deprecation-contracts      v3.4.0              A generic function and convention to trigger deprecation notices
symfony/error-handler              v5.4.36             Provides tools to manage errors and ease debugging PHP code
symfony/event-dispatcher           v6.4.3              Provides tools that allow your application components to communicate with each other by dispatching event...
symfony/event-dispatcher-contracts v3.4.0              Generic abstractions related to dispatching event
symfony/finder                     v5.4.35             Finds files and directories via an intuitive fluent interface
symfony/http-foundation            v5.4.35             Defines an object-oriented layer for the HTTP specification
symfony/http-kernel                v5.4.37             Provides a structured process for converting a Request into a Response
symfony/mime                       v5.4.35             Allows manipulating MIME messages
symfony/polyfill-ctype             v1.29.0             Symfony polyfill for ctype functions
symfony/polyfill-iconv             v1.29.0             Symfony polyfill for the Iconv extension
symfony/polyfill-intl-grapheme     v1.29.0             Symfony polyfill for intl's grapheme_* functions
symfony/polyfill-intl-idn          v1.29.0             Symfony polyfill for intl's idn_to_ascii and idn_to_utf8 functions
symfony/polyfill-intl-normalizer   v1.29.0             Symfony polyfill for intl's Normalizer class and related functions
symfony/polyfill-mbstring          v1.29.0             Symfony polyfill for the Mbstring extension
symfony/polyfill-php56             v1.20.0             Symfony polyfill backporting some PHP 5.6+ features to lower PHP versions
symfony/polyfill-php72             v1.29.0             Symfony polyfill backporting some PHP 7.2+ features to lower PHP versions
symfony/polyfill-php73             v1.29.0             Symfony polyfill backporting some PHP 7.3+ features to lower PHP versions
symfony/polyfill-php80             v1.29.0             Symfony polyfill backporting some PHP 8.0+ features to lower PHP versions
symfony/process                    v5.4.36             Executes commands in sub-processes
symfony/routing                    v5.4.37             Maps an HTTP request to a set of configuration variables
symfony/service-contracts          v3.4.1              Generic abstractions related to writing services
symfony/string                     v6.4.4              Provides an object-oriented API to strings and deals with bytes, UTF-8 code points and grapheme clusters ...
symfony/translation                v6.4.4              Provides tools to internationalize your application
symfony/translation-contracts      v3.4.1              Generic abstractions related to translation
symfony/var-dumper                 v5.4.36             Provides mechanisms for walking through any arbitrary PHP variable
symfony/yaml                       v6.4.3              Loads and dumps YAML files
theseer/tokenizer                  1.2.3               A small library for converting tokenized PHP source code into XML and potentially other formats
tijsverkoyen/css-to-inline-styles  v2.2.7              CssToInlineStyles is a class that enables you to convert HTML-pages/files into HTML-pages/files with inli...
tymon/jwt-auth                     dev-develop 014be8d JSON Web Token Authentication for Laravel and Lumen
vlucas/phpdotenv                   v5.6.0              Loads environment variables from `.env` to `getenv()`, `$_ENV` and `$_SERVER` automagically.
voku/portable-ascii                1.6.1               Portable ASCII library - performance optimized (ascii) string functions for php.
webmozart/assert                   1.11.0              Assertions to validate method input/output with nice error messages.
